Lorem ipsum dolor sit amet, consectetur adipiscing elit. Pellentesque dictum,
lectus in volutpat auctor, turpis neque pulvinar justo, at ultricies enim velit
aliquam tellus. Aenean eget enim leo. Proin bibendum arcu dictum ipsum
sollicitudin tempor. Aenean ut dictum arcu. Donec ac purus in turpis rutrum
sodales in in lectus. Aliquam erat volutpat. Vivamus condimentum risus id purus
lobortis vitae tincidunt odio condimentum. Aliquam ut urna ut lacus fermentum
convallis quis non ligula. Vestibulum elementum aliquam odio scelerisque
eleifend. Donec ornare metus quis tortor commodo quis posuere massa suscipit.
Donec in nisl odio, vel blandit lorem. Cras sit amet nisi ac quam aliquet
gravida. Donec consectetur imperdiet tortor, dignissim pellentesque leo
faucibus at. Morbi magna justo, pharetra eu bibendum eget, luctus ac mauris.
Etiam posuere sapien non justo viverra ut feugiat magna consequat. Nunc sem mi,
viverra sed malesuada id, fermentum nec est.

Cras eu odio dolor. Morbi a erat ligula, ac scelerisque felis. Aenean a massa
eros. In quis est consectetur metus viverra vulputate. Sed vestibulum massa id
nunc dignissim tempus et eu odio. Duis viverra magna eu justo gravida volutpat.
Vivamus malesuada viverra lacus, eget scelerisque nisl laoreet eu. Quisque
facilisis metus vel nulla tristique mollis. Fusce vehicula erat id arcu
fermentum fermentum. Nunc neque dui, cursus vel condimentum ut, semper et
ipsum. Aliquam erat volutpat. Donec ultrices dolor erat. Sed ligula massa,
viverra quis faucibus nec, pulvinar in turpis. Nam porttitor viverra tincidunt.
Proin lobortis, mi in convallis scelerisque, velit magna semper metus, ac
varius ipsum turpis eget mauris. Donec rhoncus quam id urna tincidunt ac
tristique leo gravida.

Curabitur imperdiet metus hendrerit nisi volutpat condimentum. Duis mollis
lectus vel odio pellentesque eget tincidunt libero molestie. Sed tempus
fringilla justo non tempor. Pellentesque habitant morbi tristique senectus et
netus et malesuada fames ac turpis egestas. Sed euismod hendrerit risus et
malesuada. Etiam risus quam, volutpat sit amet faucibus vitae, semper id felis.
Quisque id dolor sed libero mollis bibendum. Nulla pulvinar purus id nulla
tincidunt lobortis. Maecenas iaculis arcu sed lectus mollis ut tempor leo
accumsan. Sed tincidunt ornare purus, a sollicitudin urna lacinia eget.
Maecenas ac nulla eget felis euismod tempus. Donec vel nibh magna, dignissim
scelerisque nibh. Vivamus nec mauris risus. Phasellus ut sem lectus.

Proin volutpat, neque sed consequat tempor, quam orci consequat dui, a cursus
lacus purus sed lorem. Quisque turpis dolor, semper sed dignissim lobortis,
lobortis eget dui. Suspendisse potenti. Etiam a metus id nunc tempus bibendum.
Nullam convallis odio in mi iaculis fermentum. Morbi hendrerit, mi non ornare
tincidunt, odio magna pulvinar neque, in adipiscing nisl libero vitae ante.
Duis non sodales dolor. Duis dui purus, dapibus a mollis nec, sollicitudin eu
justo. Aenean eleifend, ipsum at pellentesque eleifend, justo diam pharetra
sem, sed faucibus elit elit sit amet neque. Vestibulum scelerisque varius nisl,
et dapibus ligula tempor sit amet. Curabitur malesuada ultrices enim at ornare.
Nulla id lacus at felis dignissim egestas in at nulla. Pellentesque pretium
hendrerit accumsan. In nibh lectus, placerat sit amet auctor gravida, luctus
eget magna.

In a dolor nibh. Quisque et pharetra diam. Morbi scelerisque fringilla justo,
vel lacinia purus sollicitudin ut. Donec non neque lacus. Sed vitae est ut mi
feugiat feugiat non nec risus. Lorem ipsum dolor sit amet, consectetur
adipiscing elit. Phasellus eget purus quis turpis aliquam hendrerit. Phasellus
ut lacinia mauris. Phasellus condimentum libero eu risus facilisis interdum.
Mauris aliquet sem at diam congue porta. Pellentesque habitant morbi tristique
senectus et netus et malesuada fames ac turpis egestas. Mauris suscipit quam ac
nisl faucibus tristique. Curabitur velit ligula, iaculis gravida posuere
interdum, placerat vitae est. Mauris in nisi felis, vel consequat diam.

Curabitur dolor nulla, varius vitae dictum vitae, rhoncus id tellus. Mauris
imperdiet, magna varius accumsan tempor, nisl augue rutrum purus, sed
adipiscing turpis diam id erat. Duis vel eros quam, non dapibus risus. Praesent
sapien felis, venenatis at aliquet vitae, facilisis vitae odio. Aliquam risus
purus, viverra eget consectetur at, congue ut dolor. Praesent ut enim ut sapien
accumsan porta sed adipiscing odio. Phasellus quis nisl a odio vehicula
venenatis ut ut eros. Mauris a posuere nunc. Quisque blandit, dui sit amet
feugiat tempor, est nunc facilisis nulla, id scelerisque tellus nulla et dui.
Fusce placerat pharetra est, tristique rutrum ligula congue nec. Proin id dui
tortor. Aliquam eleifend hendrerit ligula, id faucibus diam ornare mattis.
Fusce tempus dictum quam, ac facilisis purus convallis sed.

Nulla risus sapien, bibendum eget iaculis suscipit, luctus id ligula. Nam
tempus lorem non metus sodales sed rutrum orci fringilla. Duis ornare consequat
diam et venenatis. Vestibulum vitae sagittis orci. Quisque tempor varius neque
a feugiat. Sed ut dolor turpis. In hac habitasse platea dictumst. Aliquam diam
dui, elementum quis dignissim a, interdum ut turpis. Nunc semper hendrerit
eleifend. Sed sit amet tristique odio. Phasellus sagittis rutrum nunc, non
venenatis lacus bibendum dapibus. Aliquam nec placerat magna. Maecenas rhoncus,
massa at pharetra aliquam, arcu diam blandit est, id lobortis enim ligula
semper leo. Phasellus nec orci lacus. Duis ac sem fermentum erat gravida
commodo sed sit amet velit. Morbi libero elit, posuere facilisis semper eget,
varius nec sem.

Pellentesque blandit, sem ut iaculis mollis, ipsum dui convallis dolor, id
lobortis orci massa nec arcu. Morbi nisl ligula, euismod sit amet viverra sed,
consectetur id neque. Aliquam sit amet mauris tellus, eu eleifend libero.
Vivamus volutpat velit id mi placerat a sollicitudin augue tincidunt. Sed purus
dolor, varius eget bibendum ac, lacinia ac ligula. Sed vitae leo sapien. Donec
in augue libero. Donec dolor velit, sollicitudin sit amet rhoncus ut, fringilla
et velit. Etiam non blandit nunc. Duis orci massa, porttitor eu hendrerit sit
amet, consequat ac ligula. Donec aliquam tincidunt sodales. Phasellus porta
sapien quis metus ultricies non suscipit nisl aliquet. Aenean eu sapien enim,
at faucibus nibh. Morbi molestie consequat pulvinar.

Proin arcu ipsum, imperdiet ac dapibus a, porta vitae nunc. Morbi viverra, dui
at accumsan dictum, metus quam pellentesque sem, id ullamcorper mi est et
justo. Vestibulum imperdiet, nulla at gravida fermentum, metus sem feugiat
velit, ac mattis nisi lectus in enim. Curabitur et bibendum tortor. Vestibulum
odio lorem, porta at lobortis at, ultricies non urna. Duis in diam nunc, quis
semper diam. Nullam accumsan risus mauris. Vestibulum faucibus, risus id
suscipit tincidunt, leo purus mattis tortor, at facilisis eros leo in lorem.
Sed sodales dui eget libero accumsan ut accumsan quam auctor. Praesent
elementum orci consectetur leo dapibus in pulvinar nunc hendrerit. In hac
habitasse platea dictumst. Integer ante nisi, tempor vitae pulvinar commodo,
egestas vel risus. Phasellus tincidunt feugiat molestie. Morbi diam nulla,
rutrum nec congue at, eleifend quis enim. Suspendisse et eros non nisl egestas
blandit. In egestas tristique tortor, nec posuere risus vulputate vitae. In
pretium eleifend sem eu fringilla. Nam mollis placerat ligula vitae iaculis.
Suspendisse sed ligula nulla. Pellentesque ut ante quam.

Duis vitae ipsum ipsum. Proin bibendum pharetra est at lacinia. Vivamus et
lorem neque, eget facilisis turpis. Donec iaculis enim eu massa luctus
vestibulum. Donec lacinia condimentum turpis eget semper. Nunc eget diam ac
metus aliquet fermentum. Vestibulum id lectus neque. Donec nulla sapien, ornare
a dignissim at, feugiat pellentesque libero. Aliquam lacinia auctor facilisis.
Cras sodales, leo a eleifend sagittis, turpis arcu sodales est, et molestie
quam enim eu mi. Aliquam erat volutpat. Donec lacinia leo a massa fermentum
gravida. Maecenas a magna et ante porta pharetra vitae fermentum nisl. Sed
vitae magna metus.
